#ifndef TOKEN
#define TOKEN(a, b, c, d)
#endif // TOKEN()

#define IDENTIFIER(image, line, column)         TOKEN(Identifier, line, column, u8"" #image)
#define NEWLINE(line, column)                   TOKEN(EndOfLine, line, column, nullptr)
#define COMMENT(line, column)                   TOKEN(Comment, line, column, nullptr)
#define INTEGER(i, line, column)                TOKEN(Integer, line, column, u8"" #i)
#define FLOAT(f, line, column)                  TOKEN(Float, line, column, u8"" #f)
#define STRING(str, line, column)               TOKEN(String, line, column, str)
#define KEYWORD(keyword, line, column)          TOKEN(keyword, line, column, nullptr)
#define PUNCTUATOR(punctuator, line, column)    TOKEN(punctuator, line, column, nullptr)
#define ENDOFFILE(line, column)                 TOKEN(EndOfFile, line, column, nullptr)

#define INTERPOLATE_BEGIN(line, column)         TOKEN(InterpolateBegin, line, column, nullptr)
#define INTERPOLATE_END(line, column)           TOKEN(InterpolateEnd, line, column, nullptr)
#define INTERPOLATE_VAR(line, column, id)       TOKEN(InterpolatedVar, line, column, u8"" #id)

COMMENT(1, 1)
NEWLINE(1, 14)
IDENTIFIER(ID, 2, 1)
NEWLINE(2, 3)
IDENTIFIER(id, 3, 1)
NEWLINE(3, 3)
IDENTIFIER(Id, 4, 1)
NEWLINE(4, 3)
IDENTIFIER(iD, 5, 1)
NEWLINE(5, 3)
IDENTIFIER(id_1, 6, 1)
NEWLINE(6, 5)
IDENTIFIER(id_2, 7, 1)
NEWLINE(7, 5)
NEWLINE(8, 1)
COMMENT(9, 1)
NEWLINE(9, 10)
INTEGER(0, 10, 1)
NEWLINE(10, 2)
INTEGER(123, 11, 1)
NEWLINE(11, 4)
INTEGER(0b1010, 12, 1)
NEWLINE(12, 7)
INTEGER(0B0101, 13, 1)
NEWLINE(13, 7)
INTEGER(0o777, 14, 1)
NEWLINE(14, 6)
INTEGER(0O777, 15, 1)
NEWLINE(15, 6)
INTEGER(0x1f4d, 16, 1)
NEWLINE(16, 7)
INTEGER(0X1Fe3, 17, 1)
NEWLINE(17, 7)
FLOAT(0.123, 18, 1)
NEWLINE(18, 6)
FLOAT(123e7, 19, 1)
NEWLINE(19, 6)
FLOAT(123E7, 20, 1)
NEWLINE(20, 6)
FLOAT(123e-7, 21, 1)
NEWLINE(21, 7)
FLOAT(123E-7, 22, 1)
NEWLINE(22, 7)
FLOAT(123e+7, 23, 1)
NEWLINE(23, 7)
FLOAT(123E+7, 24, 1)
NEWLINE(24, 7)
FLOAT(0.123e7, 25, 1)
NEWLINE(25, 8)
FLOAT(0.123E7, 26, 1)
NEWLINE(26, 8)
FLOAT(0.123e-7, 27, 1)
NEWLINE(27, 9)
FLOAT(0.123E-7, 28, 1)
NEWLINE(28, 9)
FLOAT(0.123e+7, 29, 1)
NEWLINE(29, 9)
FLOAT(0.123E+7, 30, 1)
NEWLINE(30, 9)
NEWLINE(31, 1)
COMMENT(32, 1)
NEWLINE(32, 10)
STRING(u8R"()", 33, 1)
NEWLINE(33, 3)
STRING(u8R"(single quoted string)", 34, 1)
NEWLINE(34, 23)
STRING(u8R"(single quoted interpolated string: )", 35, 1)
INTERPOLATE_VAR(35, 37, value)
STRING(u8R"( and )", 35, 43)
INTERPOLATE_BEGIN(35, 48)
IDENTIFIER(CallSomething, 35, 50)
PUNCTUATOR(LeftParen, 35, 63)
PUNCTUATOR(RightParen, 35, 64)
PUNCTUATOR(Dot, 35, 65)
IDENTIFIER(CallAnother, 35, 66)
PUNCTUATOR(LeftParen, 35, 77)
STRING(u8R"(argument)", 35, 78)
PUNCTUATOR(RightParen, 35, 88)
INTERPOLATE_END(35, 89)
STRING(u8R"()", 35, 90)
NEWLINE(35, 91)
STRING(u8R"(single quoted string with escape sequences: \a\b\f\n\r\t\v\'\"\$\x42\uAC00\U0000AC00)", 36, 1)
NEWLINE(36, 87)
STRING(u8R"()", 37, 1)
NEWLINE(37, 3)
STRING(u8R"(double quoted string)", 38, 1)
NEWLINE(38, 23)
STRING(u8R"(double quoted interpolated string: )", 39, 1)
INTERPOLATE_VAR(39, 37, value)
STRING(u8R"( and )", 39, 43)
INTERPOLATE_BEGIN(39, 48)
IDENTIFIER(CallSomething, 39, 50)
PUNCTUATOR(LeftParen, 39, 63)
PUNCTUATOR(RightParen, 39, 64)
PUNCTUATOR(Dot, 39, 65)
IDENTIFIER(CallAnother, 39, 66)
PUNCTUATOR(LeftParen, 39, 77)
STRING(u8R"(argument)", 39, 78)
PUNCTUATOR(RightParen, 39, 88)
INTERPOLATE_END(39, 89)
STRING(u8R"()", 39, 90)
NEWLINE(39, 91)
STRING(u8R"(double quoted string with escape sequences: \a\b\f\n\r\t\v\'\"\$\x42\uAC00\U0000AC00)", 40, 1)
NEWLINE(40, 87)
NEWLINE(41, 1)
COMMENT(42, 1)
NEWLINE(42, 11)
KEYWORD(And, 43, 1)
NEWLINE(43, 4)
KEYWORD(As, 44, 1)
NEWLINE(44, 3)
KEYWORD(Assert, 45, 1)
NEWLINE(45, 7)
KEYWORD(Case, 46, 1)
NEWLINE(46, 5)
KEYWORD(Class, 47, 1)
NEWLINE(47, 6)
KEYWORD(Continue, 48, 1)
NEWLINE(48, 9)
KEYWORD(Def, 49, 1)
NEWLINE(49, 4)
KEYWORD(Default, 50, 1)
NEWLINE(50, 8)
KEYWORD(Defined, 51, 1)
NEWLINE(51, 8)
KEYWORD(Deinit, 52, 1)
NEWLINE(52, 7)
KEYWORD(DependsOn, 53, 1)
NEWLINE(53, 10)
KEYWORD(Do, 54, 1)
NEWLINE(54, 3)
KEYWORD(DoFirst, 55, 1)
NEWLINE(55, 8)
KEYWORD(DoLast, 56, 1)
NEWLINE(56, 7)
KEYWORD(Break, 57, 1)
NEWLINE(57, 6)
KEYWORD(Else, 58, 1)
NEWLINE(58, 5)
KEYWORD(Except, 59, 1)
NEWLINE(59, 7)
KEYWORD(Export, 60, 1)
NEWLINE(60, 7)
KEYWORD(Extends, 61, 1)
NEWLINE(61, 8)
KEYWORD(False, 62, 1)
NEWLINE(62, 6)
KEYWORD(Finally, 63, 1)
NEWLINE(63, 8)
KEYWORD(For, 64, 1)
NEWLINE(64, 4)
KEYWORD(From, 65, 1)
NEWLINE(65, 5)
KEYWORD(Get, 66, 1)
NEWLINE(66, 4)
KEYWORD(If, 67, 1)
NEWLINE(67, 3)
KEYWORD(Import, 68, 1)
NEWLINE(68, 7)
KEYWORD(In, 69, 1)
NEWLINE(69, 3)
KEYWORD(Init, 70, 1)
NEWLINE(70, 5)
KEYWORD(Inputs, 71, 1)
NEWLINE(71, 7)
KEYWORD(Is, 72, 1)
NEWLINE(72, 3)
KEYWORD(Match, 73, 1)
NEWLINE(73, 6)
KEYWORD(None, 74, 1)
NEWLINE(74, 5)
KEYWORD(Not, 75, 1)
NEWLINE(75, 4)
KEYWORD(Operator, 76, 1)
NEWLINE(76, 9)
KEYWORD(Or, 77, 1)
NEWLINE(77, 3)
KEYWORD(Outputs, 78, 1)
NEWLINE(78, 8)
KEYWORD(Pass, 79, 1)
NEWLINE(79, 5)
KEYWORD(Raise, 80, 1)
NEWLINE(80, 6)
KEYWORD(Return, 81, 1)
NEWLINE(81, 7)
KEYWORD(Self, 82, 1)
NEWLINE(82, 5)
KEYWORD(Set, 83, 1)
NEWLINE(83, 4)
KEYWORD(Static, 84, 1)
NEWLINE(84, 7)
KEYWORD(Super, 85, 1)
NEWLINE(85, 6)
KEYWORD(Task, 86, 1)
NEWLINE(86, 5)
KEYWORD(True, 87, 1)
NEWLINE(87, 5)
KEYWORD(Try, 88, 1)
NEWLINE(88, 4)
// KEYWORD(Value, 89, 1)
NEWLINE(89, 1)
KEYWORD(Var, 90, 1)
NEWLINE(90, 4)
KEYWORD(While, 91, 1)
NEWLINE(91, 6)
KEYWORD(With, 92, 1)
NEWLINE(92, 5)
NEWLINE(93, 1)
COMMENT(94, 1)
NEWLINE(94, 14)
PUNCTUATOR(Add, 95, 1)
NEWLINE(95, 2)
PUNCTUATOR(InplaceAdd, 96, 1)
NEWLINE(96, 3)
PUNCTUATOR(Sub, 97, 1)
NEWLINE(97, 2)
PUNCTUATOR(InplaceSub, 98, 1)
NEWLINE(98, 3)
PUNCTUATOR(Mul, 99, 1)
NEWLINE(99, 2)
PUNCTUATOR(InplaceMul, 100, 1)
NEWLINE(100, 3)
PUNCTUATOR(Div, 101, 1)
NEWLINE(101, 2)
PUNCTUATOR(InplaceDiv, 102, 1)
NEWLINE(102, 3)
PUNCTUATOR(Mod, 103, 1)
NEWLINE(103, 2)
PUNCTUATOR(InplaceMod, 104, 1)
NEWLINE(104, 3)
PUNCTUATOR(BitAnd, 105, 1)
NEWLINE(105, 2)
PUNCTUATOR(InplaceBitAnd, 106, 1)
NEWLINE(106, 3)
PUNCTUATOR(BitOr, 107, 1)
NEWLINE(107, 2)
PUNCTUATOR(InplaceBitOr, 108, 1)
NEWLINE(108, 3)
PUNCTUATOR(BitNot, 109, 1)
NEWLINE(109, 2)
PUNCTUATOR(BitXor, 110, 1)
NEWLINE(110, 2)
PUNCTUATOR(InplaceBitXor, 111, 1)
NEWLINE(111, 3)
PUNCTUATOR(Less, 112, 1)
NEWLINE(112, 2)
PUNCTUATOR(LessOrEqual, 113, 1)
NEWLINE(113, 3)
PUNCTUATOR(LeftShift, 114, 1)
NEWLINE(114, 3)
PUNCTUATOR(InplaceLeftShift, 115, 1)
NEWLINE(115, 4)
PUNCTUATOR(Grater, 116, 1)
NEWLINE(116, 2)
PUNCTUATOR(GraterOrEqual, 117, 1)
NEWLINE(117, 3)
PUNCTUATOR(RightShift, 118, 1)
NEWLINE(118, 3)
PUNCTUATOR(InplaceRightShift, 119, 1)
NEWLINE(119, 4)
PUNCTUATOR(Equal, 120, 1)
NEWLINE(120, 3)
PUNCTUATOR(NotEqual, 121, 1)
NEWLINE(121, 3)
PUNCTUATOR(Assign, 122, 1)
NEWLINE(122, 2)
PUNCTUATOR(Comma, 123, 1)
NEWLINE(123, 2)
PUNCTUATOR(Colon, 124, 1)
NEWLINE(124, 2)
PUNCTUATOR(Dot, 125, 1)
NEWLINE(125, 2)
PUNCTUATOR(Ellipsis, 126, 1)
NEWLINE(126, 4)
PUNCTUATOR(Arrow, 127, 1)
NEWLINE(127, 3)
PUNCTUATOR(LeftParen, 128, 1)
NEWLINE(128, 2)
PUNCTUATOR(RightParen, 129, 1)
NEWLINE(129, 2)
PUNCTUATOR(LeftBrace, 130, 1)
NEWLINE(130, 2)
PUNCTUATOR(RightBrace, 131, 1)
NEWLINE(131, 2)
PUNCTUATOR(LeftSquare, 132, 1)
NEWLINE(132, 2)
PUNCTUATOR(RightSquare, 133, 1)
ENDOFFILE(133, 2)

#undef INTERPOLATE_VAR
#undef INTERPOLATE_END
#undef INTERPOLATE_BEGIN

#undef IDENTIFIER
#undef NEWLINE
#undef INTEGER
#undef FLOAT
#undef STRING
#undef KEYWORD
#undef PUNCTUATOR
#undef ENDOFFILE